// Jest Snapshot v1, https://goo.gl/fbAQLP

exports[`Visualization Table Testing Vis renders correctly and match Snapshot 1`] = `
<div
  className="visualization"
  onMouseDown={[Function]}
  onMouseMove={[Function]}
  onMouseUp={[Function]}
>
  <Scrollbars
    autoHeight={false}
    autoHeightMax={200}
    autoHeightMin={0}
    autoHide={false}
    autoHideDuration={200}
    autoHideTimeout={1000}
    hideTracksWhenNotNeeded={false}
    renderThumbHorizontal={[Function]}
    renderThumbVertical={[Function]}
    renderTrackHorizontal={[Function]}
    renderTrackVertical={[Function]}
    renderView={[Function]}
    style={
      Object {
        "height": "100%",
        "width": "100%",
      }
    }
    tagName="div"
    thumbMinSize={30}
    universal={false}
  >
    <div
      className="toolbar"
    />
    <div>
      <svg
        className="relations"
      >
        <defs>
          <marker
            id="triangle"
            markerHeight="5"
            markerWidth="5"
            orient="auto"
            refX="1"
            refY="5"
            viewBox="0 0 10 10"
          >
            <path
              d="M 0 0 L 10 5 L 0 10 z"
              fill="#fdd217"
            />
          </marker>
          <marker
            id="circle"
            markerHeight="10"
            markerWidth="10"
            orient="auto"
            refX="5"
            refY="5"
          >
            <circle
              cx="5"
              cy="5"
              fill="#fdd217"
              r="2"
            />
          </marker>
        </defs>
        0
        0
        0
        0
        0
        0
      </svg>
      <div
        className="tables"
      >
        <Table
          data={
            Object {
              "tables": Array [
                Object {
                  "attributes": Array [
                    Object {
                      "field": "testField",
                      "type": "testType",
                      "x": 0,
                      "y": 0,
                    },
                    Object {
                      "field": "testField2",
                      "type": "testType2",
                      "x": 0,
                      "y": 0,
                    },
                  ],
                  "name": "testName",
                },
                Object {
                  "attributes": Array [
                    Object {
                      "field": "testField",
                      "type": "testType",
                      "x": 0,
                      "y": 0,
                    },
                    Object {
                      "field": "testField2",
                      "type": "testType2",
                      "x": 0,
                      "y": 0,
                    },
                  ],
                  "name": "testName",
                },
                Object {
                  "attributes": Array [
                    Object {
                      "field": "testField",
                      "type": "testType",
                      "x": 0,
                      "y": 0,
                    },
                    Object {
                      "field": "testField2",
                      "type": "testType2",
                      "x": 0,
                      "y": 0,
                    },
                  ],
                  "name": "testName",
                },
              ],
            }
          }
          draggable={true}
          onAddRow={[Function]}
          onDragTable={[Function]}
          refreshTableRefs={[Function]}
          style={
            Object {
              "backgroundColor": "Safari",
            }
          }
          table={
            Object {
              "attributes": Array [
                Object {
                  "field": "testField",
                  "type": "testType",
                  "x": 0,
                  "y": 0,
                },
                Object {
                  "field": "testField2",
                  "type": "testType2",
                  "x": 0,
                  "y": 0,
                },
              ],
              "name": "testName",
            }
          }
          tableIndex={0}
          tables={
            Array [
              Object {
                "attributes": Array [
                  Object {
                    "field": "testField",
                    "type": "testType",
                    "x": 0,
                    "y": 0,
                  },
                  Object {
                    "field": "testField2",
                    "type": "testType2",
                    "x": 0,
                    "y": 0,
                  },
                ],
                "name": "testName",
              },
              Object {
                "attributes": Array [
                  Object {
                    "field": "testField",
                    "type": "testType",
                    "x": 0,
                    "y": 0,
                  },
                  Object {
                    "field": "testField2",
                    "type": "testType2",
                    "x": 0,
                    "y": 0,
                  },
                ],
                "name": "testName",
              },
              Object {
                "attributes": Array [
                  Object {
                    "field": "testField",
                    "type": "testType",
                    "x": 0,
                    "y": 0,
                  },
                  Object {
                    "field": "testField2",
                    "type": "testType2",
                    "x": 0,
                    "y": 0,
                  },
                ],
                "name": "testName",
              },
            ]
          }
        />
        <Table
          data={
            Object {
              "tables": Array [
                Object {
                  "attributes": Array [
                    Object {
                      "field": "testField",
                      "type": "testType",
                      "x": 0,
                      "y": 0,
                    },
                    Object {
                      "field": "testField2",
                      "type": "testType2",
                      "x": 0,
                      "y": 0,
                    },
                  ],
                  "name": "testName",
                },
                Object {
                  "attributes": Array [
                    Object {
                      "field": "testField",
                      "type": "testType",
                      "x": 0,
                      "y": 0,
                    },
                    Object {
                      "field": "testField2",
                      "type": "testType2",
                      "x": 0,
                      "y": 0,
                    },
                  ],
                  "name": "testName",
                },
                Object {
                  "attributes": Array [
                    Object {
                      "field": "testField",
                      "type": "testType",
                      "x": 0,
                      "y": 0,
                    },
                    Object {
                      "field": "testField2",
                      "type": "testType2",
                      "x": 0,
                      "y": 0,
                    },
                  ],
                  "name": "testName",
                },
              ],
            }
          }
          draggable={true}
          onAddRow={[Function]}
          onDragTable={[Function]}
          refreshTableRefs={[Function]}
          style={
            Object {
              "backgroundColor": "Sienna",
            }
          }
          table={
            Object {
              "attributes": Array [
                Object {
                  "field": "testField",
                  "type": "testType",
                  "x": 0,
                  "y": 0,
                },
                Object {
                  "field": "testField2",
                  "type": "testType2",
                  "x": 0,
                  "y": 0,
                },
              ],
              "name": "testName",
            }
          }
          tableIndex={1}
          tables={
            Array [
              Object {
                "attributes": Array [
                  Object {
                    "field": "testField",
                    "type": "testType",
                    "x": 0,
                    "y": 0,
                  },
                  Object {
                    "field": "testField2",
                    "type": "testType2",
                    "x": 0,
                    "y": 0,
                  },
                ],
                "name": "testName",
              },
              Object {
                "attributes": Array [
                  Object {
                    "field": "testField",
                    "type": "testType",
                    "x": 0,
                    "y": 0,
                  },
                  Object {
                    "field": "testField2",
                    "type": "testType2",
                    "x": 0,
                    "y": 0,
                  },
                ],
                "name": "testName",
              },
              Object {
                "attributes": Array [
                  Object {
                    "field": "testField",
                    "type": "testType",
                    "x": 0,
                    "y": 0,
                  },
                  Object {
                    "field": "testField2",
                    "type": "testType2",
                    "x": 0,
                    "y": 0,
                  },
                ],
                "name": "testName",
              },
            ]
          }
        />
        <Table
          data={
            Object {
              "tables": Array [
                Object {
                  "attributes": Array [
                    Object {
                      "field": "testField",
                      "type": "testType",
                      "x": 0,
                      "y": 0,
                    },
                    Object {
                      "field": "testField2",
                      "type": "testType2",
                      "x": 0,
                      "y": 0,
                    },
                  ],
                  "name": "testName",
                },
                Object {
                  "attributes": Array [
                    Object {
                      "field": "testField",
                      "type": "testType",
                      "x": 0,
                      "y": 0,
                    },
                    Object {
                      "field": "testField2",
                      "type": "testType2",
                      "x": 0,
                      "y": 0,
                    },
                  ],
                  "name": "testName",
                },
                Object {
                  "attributes": Array [
                    Object {
                      "field": "testField",
                      "type": "testType",
                      "x": 0,
                      "y": 0,
                    },
                    Object {
                      "field": "testField2",
                      "type": "testType2",
                      "x": 0,
                      "y": 0,
                    },
                  ],
                  "name": "testName",
                },
              ],
            }
          }
          draggable={true}
          onAddRow={[Function]}
          onDragTable={[Function]}
          refreshTableRefs={[Function]}
          style={
            Object {
              "backgroundColor": "FireBrick",
            }
          }
          table={
            Object {
              "attributes": Array [
                Object {
                  "field": "testField",
                  "type": "testType",
                  "x": 0,
                  "y": 0,
                },
                Object {
                  "field": "testField2",
                  "type": "testType2",
                  "x": 0,
                  "y": 0,
                },
              ],
              "name": "testName",
            }
          }
          tableIndex={2}
          tables={
            Array [
              Object {
                "attributes": Array [
                  Object {
                    "field": "testField",
                    "type": "testType",
                    "x": 0,
                    "y": 0,
                  },
                  Object {
                    "field": "testField2",
                    "type": "testType2",
                    "x": 0,
                    "y": 0,
                  },
                ],
                "name": "testName",
              },
              Object {
                "attributes": Array [
                  Object {
                    "field": "testField",
                    "type": "testType",
                    "x": 0,
                    "y": 0,
                  },
                  Object {
                    "field": "testField2",
                    "type": "testType2",
                    "x": 0,
                    "y": 0,
                  },
                ],
                "name": "testName",
              },
              Object {
                "attributes": Array [
                  Object {
                    "field": "testField",
                    "type": "testType",
                    "x": 0,
                    "y": 0,
                  },
                  Object {
                    "field": "testField2",
                    "type": "testType2",
                    "x": 0,
                    "y": 0,
                  },
                ],
                "name": "testName",
              },
            ]
          }
        />
      </div>
    </div>
  </Scrollbars>
</div>
`;
